/temps/5IF49.html (6 hits)
/temps/5IF48.html (5 hits)
/temps/5IF47.html (4 hits)
/temps/5IF46.html (3 hits)
/temps/5IF45.html (2 hits)
