Dot-file graphe.dot generated
/temps/3IF38.html (2 hits)
/temps/3IF37.html (2 hits)
/temps/3IF39.html (1 hits)
