Erreur : Veuillez entrer un dÃ©but d'url Ã  retirer valide
