Dot-file graphe.dot generated
/EdT/4IF (3 hits)
/EdT/5IF (2 hits)
/SiteWebIF/Intranet-etudiant.php (1 hits)
