/top1.html (3 hits) 
/top2.html (2 hits) 
/top3.html (1 hits) 