Erreur d'ouverture du fichier : ../../logTests/ex_log2.log