Dot-file graphe.dot generated
/notesif/ (2 hits)
/SiteWebIF/Intranet-etudiant.php (2 hits)
/temps/3IF39.html (2 hits)
/temps/3IF37.html (2 hits)
/temps/3IF38.html (2 hits)
/notesif (2 hits)
/temps/3IF4.html (1 hits)
/notesif/RSS/RSS_4IF.xml (1 hits)
/temps/3IF18.html (1 hits)
/temps/3IF2.html (1 hits)
