/top1.html (5 hits)
/top2.html (3 hits)
/top3.html (2 hits)
