Erreur: Log incomplet
Erreur: Mauvais format de date
Erreur: Requête HTTP incomplète
Erreur: Code de retour invalide
Erreur: Taille de réponse invalide
Erreur: Referer mal formé
Erreur: User-Agent mal formé