/temps/5IF49.html (11 hits)
/temps/5IF48.html (10 hits)
/temps/5IF47.html (9 hits)
/temps/5IF46.html (8 hits)
/temps/5IF45.html (7 hits)
/temps/5IF44.html (6 hits)
/temps/5IF43.html (5 hits)
/temps/5IF42.html (4 hits)
/temps/5IF41.html (3 hits)
/temps/5IF40.html (2 hits)
