Erreur : Le nom du fichier graphe est invalide (doit terminer par .dot)
